[INFO] Scanning for projects...
[INFO] 
[INFO] -------------------------< com.study:kakeibo >--------------------------
[INFO] Building kakeibo 0.0.1-SNAPSHOT
[INFO]   from pom.xml
[INFO] --------------------------------[ jar ]---------------------------------
[INFO] 
[INFO] >>> spring-boot:4.0.0:run (default-cli) > test-compile @ kakeibo >>>
[INFO] 
[INFO] --- resources:3.3.1:resources (default-resources) @ kakeibo ---
[INFO] Copying 1 resource from src/main/resources to target/classes
[INFO] Copying 0 resource from src/main/resources to target/classes
[INFO] 
[INFO] --- compiler:3.14.1:compile (default-compile) @ kakeibo ---
[INFO] Nothing to compile - all classes are up to date.
[INFO] 
[INFO] --- resources:3.3.1:testResources (default-testResources) @ kakeibo ---
[INFO] skip non existing resourceDirectory /app/src/test/resources
[INFO] 
[INFO] --- compiler:3.14.1:testCompile (default-testCompile) @ kakeibo ---
[INFO] Nothing to compile - all classes are up to date.
[INFO] 
[INFO] <<< spring-boot:4.0.0:run (default-cli) < test-compile @ kakeibo <<<
[INFO] 
[INFO] 
[INFO] --- spring-boot:4.0.0:run (default-cli) @ kakeibo ---
[INFO] Attaching agents: []

  .   ____          _            __ _ _
 /\\ / ___'_ __ _ _(_)_ __  __ _ \ \ \ \
( ( )\___ | '_ | '_| | '_ \/ _` | \ \ \ \
 \\/  ___)| |_)| | | | | || (_| |  ) ) ) )
  '  |____| .__|_| |_|_| |_\__, | / / / /
 =========|_|==============|___/=/_/_/_/

 :: Spring Boot ::                (v4.0.0)

2026-05-29T14:42:53.632Z  INFO 9794 --- [kakeibo] [           main] com.study.kakeibo.KakeiboApplication     : Starting KakeiboApplication using Java 21.0.11 with PID 9794 (/app/target/classes started by root in /app)
2026-05-29T14:42:53.637Z  INFO 9794 --- [kakeibo] [           main] com.study.kakeibo.KakeiboApplication     : No active profile set, falling back to 1 default profile: "default"
2026-05-29T14:42:56.024Z  INFO 9794 --- [kakeibo] [           main] .s.d.r.c.RepositoryConfigurationDelegate : Bootstrapping Spring Data JPA repositories in DEFAULT mode.
2026-05-29T14:42:56.373Z  INFO 9794 --- [kakeibo] [           main] .s.d.r.c.RepositoryConfigurationDelegate : Finished Spring Data repository scanning in 328 ms. Found 4 JPA repository interfaces.
2026-05-29T14:42:57.896Z  INFO 9794 --- [kakeibo] [           main] o.s.boot.tomcat.TomcatWebServer          : Tomcat initialized with port 8080 (http)
2026-05-29T14:42:57.927Z  INFO 9794 --- [kakeibo] [           main] o.apache.catalina.core.StandardService   : Starting service [Tomcat]
2026-05-29T14:42:57.927Z  INFO 9794 --- [kakeibo] [           main] o.apache.catalina.core.StandardEngine    : Starting Servlet engine: [Apache Tomcat/11.0.14]
2026-05-29T14:42:58.017Z  INFO 9794 --- [kakeibo] [           main] b.w.c.s.WebApplicationContextInitializer : Root WebApplicationContext: initialization completed in 4296 ms
2026-05-29T14:42:58.511Z  INFO 9794 --- [kakeibo] [           main] o.hibernate.jpa.internal.util.LogHelper  : HHH000204: Processing PersistenceUnitInfo [name: default]
2026-05-29T14:42:58.761Z  INFO 9794 --- [kakeibo] [           main] org.hibernate.Version                    : HHH000412: Hibernate ORM core version 7.1.8.Final
2026-05-29T14:43:00.636Z  INFO 9794 --- [kakeibo] [           main] o.s.o.j.p.SpringPersistenceUnitInfo      : No LoadTimeWeaver setup: ignoring JPA class transformer
2026-05-29T14:43:00.762Z  INFO 9794 --- [kakeibo] [           main] com.zaxxer.hikari.HikariDataSource       : HikariPool-1 - Starting...
2026-05-29T14:43:01.355Z  INFO 9794 --- [kakeibo] [           main] com.zaxxer.hikari.pool.HikariPool        : HikariPool-1 - Added connection com.mysql.cj.jdbc.ConnectionImpl@aa633e6
2026-05-29T14:43:01.361Z  INFO 9794 --- [kakeibo] [           main] com.zaxxer.hikari.HikariDataSource       : HikariPool-1 - Start completed.
2026-05-29T14:43:01.597Z  INFO 9794 --- [kakeibo] [           main] org.hibernate.orm.connections.pooling    : HHH10001005: Database info:
	Database JDBC URL [jdbc:mysql://kakeibo-database:3306/kakeibo?serverTimezone=Asia/Tokyo]
	Database driver: MySQL Connector/J
	Database dialect: MySQLDialect
	Database version: 8.4.9
	Default catalog/schema: kakeibo/undefined
	Autocommit mode: undefined/unknown
	Isolation level: REPEATABLE_READ [default REPEATABLE_READ]
	JDBC fetch size: none
	Pool: DatasourceConnectionProviderImpl
	Minimum pool size: undefined/unknown
	Maximum pool size: undefined/unknown
2026-05-29T14:43:04.385Z  INFO 9794 --- [kakeibo] [           main] o.h.e.t.j.p.i.JtaPlatformInitiator       : HHH000489: No JTA platform available (set 'hibernate.transaction.jta.platform' to enable JTA platform integration)
2026-05-29T14:43:04.585Z  INFO 9794 --- [kakeibo] [           main] j.LocalContainerEntityManagerFactoryBean : Initialized JPA EntityManagerFactory for persistence unit 'default'
2026-05-29T14:43:04.897Z  INFO 9794 --- [kakeibo] [           main] o.s.d.j.r.query.QueryEnhancerFactories   : Hibernate is in classpath; If applicable, HQL parser will be used.
2026-05-29T14:43:06.024Z  WARN 9794 --- [kakeibo] [           main] JpaBaseConfiguration$JpaWebConfiguration : spring.jpa.open-in-view is enabled by default. Therefore, database queries may be performed during view rendering. Explicitly configure spring.jpa.open-in-view to disable this warning
2026-05-29T14:43:06.492Z  WARN 9794 --- [kakeibo] [           main] .s.a.UserDetailsServiceAutoConfiguration : 

Using generated security password: aa6f166b-d215-4386-85a7-1ff7d0739a00

This generated password is for development use only. Your security configuration must be updated before running your application in production.

2026-05-29T14:43:06.515Z  INFO 9794 --- [kakeibo] [           main] r$InitializeUserDetailsManagerConfigurer : Global AuthenticationManager configured with UserDetailsService bean with name inMemoryUserDetailsManager
2026-05-29T14:43:07.758Z  WARN 9794 --- [kakeibo] [           main] ConfigServletWebServerApplicationContext : Exception encountered during context initialization - cancelling refresh attempt: org.springframework.context.ApplicationContextException: Failed to start bean 'webServerStartStop'
2026-05-29T14:43:07.759Z  INFO 9794 --- [kakeibo] [           main] j.LocalContainerEntityManagerFactoryBean : Closing JPA EntityManagerFactory for persistence unit 'default'
2026-05-29T14:43:07.762Z  INFO 9794 --- [kakeibo] [           main] com.zaxxer.hikari.HikariDataSource       : HikariPool-1 - Shutdown initiated...
2026-05-29T14:43:07.767Z  INFO 9794 --- [kakeibo] [           main] com.zaxxer.hikari.HikariDataSource       : HikariPool-1 - Shutdown completed.
2026-05-29T14:43:07.798Z  INFO 9794 --- [kakeibo] [           main] .s.b.a.l.ConditionEvaluationReportLogger : 

Error starting ApplicationContext. To display the condition evaluation report re-run your application with 'debug' enabled.
2026-05-29T14:43:07.840Z ERROR 9794 --- [kakeibo] [           main] o.s.b.d.LoggingFailureAnalysisReporter   : 

***************************
APPLICATION FAILED TO START
***************************

Description:

Web server failed to start. Port 8080 was already in use.

Action:

Identify and stop the process that's listening on port 8080 or configure this application to listen on another port.

[INFO] ------------------------------------------------------------------------
[INFO] BUILD FAILURE
[INFO] ------------------------------------------------------------------------
[INFO] Total time:  19.177 s
[INFO] Finished at: 2026-05-29T14:43:07Z
[INFO] ------------------------------------------------------------------------
[ERROR] Failed to execute goal org.springframework.boot:spring-boot-maven-plugin:4.0.0:run (default-cli) on project kakeibo: Process terminated with exit code: 1 -> [Help 1]
[ERROR] 
[ERROR] To see the full stack trace of the errors, re-run Maven with the -e switch.
[ERROR] Re-run Maven using the -X switch to enable full debug logging.
[ERROR] 
[ERROR] For more information about the errors and possible solutions, please read the following articles:
[ERROR] [Help 1] http://cwiki.apache.org/confluence/display/MAVEN/MojoExecutionException
